Starting QuickEats... 
JAVA_HOME=C:\Program Files\Java\jdk-24 
Building project... 
WARNING: A terminally deprecated method in sun.misc.Unsafe has been called
WARNING: sun.misc.Unsafe::staticFieldBase has been called by com.google.inject.internal.aop.HiddenClassDefiner (file:/C:/Users/thesh/Downloads/Compressed/video/apache-maven-3.9.11/lib/guice-5.1.0-classes.jar)
WARNING: Please consider reporting this to the maintainers of class com.google.inject.internal.aop.HiddenClassDefiner
WARNING: sun.misc.Unsafe::staticFieldBase will be removed in a future release
[INFO] Scanning for projects...
[INFO] 
[INFO] ----------------------< com.quickeats:quickeats >-----------------------
[INFO] Building quickeats 0.0.1-SNAPSHOT
[INFO]   from pom.xml
[INFO] --------------------------------[ jar ]---------------------------------
[INFO] 
[INFO] --- clean:3.3.2:clean (default-clean) @ quickeats ---
[INFO] Deleting c:\Users\thesh\OneDrive\Desktop\QuickEats\target
[INFO] 
[INFO] --- resources:3.3.1:resources (default-resources) @ quickeats ---
[INFO] Copying 1 resource from src\main\resources to target\classes
[INFO] Copying 5 resources from src\main\resources to target\classes
[INFO] 
[INFO] --- compiler:3.11.0:compile (default-compile) @ quickeats ---
[INFO] Changes detected - recompiling the module! :source
[INFO] Compiling 15 source files with javac [debug release 17] to target\classes
[INFO] 
[INFO] --- resources:3.3.1:testResources (default-testResources) @ quickeats ---
[INFO] skip non existing resourceDirectory c:\Users\thesh\OneDrive\Desktop\QuickEats\src\test\resources
[INFO] 
[INFO] --- compiler:3.11.0:testCompile (default-testCompile) @ quickeats ---
[INFO] No sources to compile
[INFO] 
[INFO] --- surefire:3.1.2:test (default-test) @ quickeats ---
[INFO] Tests are skipped.
[INFO] 
[INFO] --- jar:3.3.0:jar (default-jar) @ quickeats ---
[INFO] Building jar: c:\Users\thesh\OneDrive\Desktop\QuickEats\target\quickeats-0.0.1-SNAPSHOT.jar
[INFO] 
[INFO] --- spring-boot:3.2.3:repackage (repackage) @ quickeats ---
[INFO] Replacing main artifact c:\Users\thesh\OneDrive\Desktop\QuickEats\target\quickeats-0.0.1-SNAPSHOT.jar with repackaged archive, adding nested dependencies in BOOT-INF/.
[INFO] The original artifact has been renamed to c:\Users\thesh\OneDrive\Desktop\QuickEats\target\quickeats-0.0.1-SNAPSHOT.jar.original
[INFO] ------------------------------------------------------------------------
[INFO] BUILD SUCCESS
[INFO] ------------------------------------------------------------------------
[INFO] Total time:  6.118 s
[INFO] Finished at: 2026-02-14T20:50:36+05:30
[INFO] ------------------------------------------------------------------------
Running application... 

  .   ____          _            __ _ _
 /\\ / ___'_ __ _ _(_)_ __  __ _ \ \ \ \
( ( )\___ | '_ | '_| | '_ \/ _` | \ \ \ \
 \\/  ___)| |_)| | | | | || (_| |  ) ) ) )
  '  |____| .__|_| |_|_| |_\__, | / / / /
 =========|_|==============|___/=/_/_/_/
 :: Spring Boot ::                (v3.2.3)

2026-02-14T20:50:38.372+05:30  INFO 4160 --- [quickeats] [           main] com.quickeats.QuickEatsApplication       : Starting QuickEatsApplication v0.0.1-SNAPSHOT using Java 25 with PID 4160 (C:\Users\thesh\OneDrive\Desktop\QuickEats\target\quickeats-0.0.1-SNAPSHOT.jar started by thesh in c:\Users\thesh\OneDrive\Desktop\QuickEats)
2026-02-14T20:50:38.380+05:30  INFO 4160 --- [quickeats] [           main] com.quickeats.QuickEatsApplication       : No active profile set, falling back to 1 default profile: "default"
2026-02-14T20:50:39.382+05:30  INFO 4160 --- [quickeats] [           main] .s.d.r.c.RepositoryConfigurationDelegate : Bootstrapping Spring Data JPA repositories in DEFAULT mode.
2026-02-14T20:50:39.459+05:30  INFO 4160 --- [quickeats] [           main] .s.d.r.c.RepositoryConfigurationDelegate : Finished Spring Data repository scanning in 65 ms. Found 4 JPA repository interfaces.
WARNING: A restricted method in java.lang.System has been called
WARNING: java.lang.System::load has been called by org.apache.tomcat.jni.Library in an unnamed module (jar:nested:/C:/Users/thesh/OneDrive/Desktop/QuickEats/target/quickeats-0.0.1-SNAPSHOT.jar/!BOOT-INF/lib/tomcat-embed-core-10.1.19.jar!/)
WARNING: Use --enable-native-access=ALL-UNNAMED to avoid a warning for callers in this module
WARNING: Restricted methods will be blocked in a future release unless native access is enabled

2026-02-14T20:50:40.350+05:30  INFO 4160 --- [quickeats] [           main] o.s.b.w.embedded.tomcat.TomcatWebServer  : Tomcat initialized with port 8080 (http)
2026-02-14T20:50:40.370+05:30  INFO 4160 --- [quickeats] [           main] o.apache.catalina.core.StandardService   : Starting service [Tomcat]
2026-02-14T20:50:40.370+05:30  INFO 4160 --- [quickeats] [           main] o.apache.catalina.core.StandardEngine    : Starting Servlet engine: [Apache Tomcat/10.1.19]
2026-02-14T20:50:40.432+05:30  INFO 4160 --- [quickeats] [           main] o.a.c.c.C.[Tomcat].[localhost].[/]       : Initializing Spring embedded WebApplicationContext
2026-02-14T20:50:40.434+05:30  INFO 4160 --- [quickeats] [           main] w.s.c.ServletWebServerApplicationContext : Root WebApplicationContext: initialization completed in 1938 ms
2026-02-14T20:50:40.481+05:30  INFO 4160 --- [quickeats] [           main] com.zaxxer.hikari.HikariDataSource       : HikariPool-1 - Starting...
2026-02-14T20:50:40.837+05:30  INFO 4160 --- [quickeats] [           main] com.zaxxer.hikari.pool.HikariPool        : HikariPool-1 - Added connection conn0: url=jdbc:h2:mem:quickeatsdb user=SA
2026-02-14T20:50:40.839+05:30  INFO 4160 --- [quickeats] [           main] com.zaxxer.hikari.HikariDataSource       : HikariPool-1 - Start completed.
2026-02-14T20:50:40.857+05:30  INFO 4160 --- [quickeats] [           main] o.s.b.a.h2.H2ConsoleAutoConfiguration    : H2 console available at '/h2-console'. Database available at 'jdbc:h2:mem:quickeatsdb'
2026-02-14T20:50:41.050+05:30  INFO 4160 --- [quickeats] [           main] o.hibernate.jpa.internal.util.LogHelper  : HHH000204: Processing PersistenceUnitInfo [name: default]
2026-02-14T20:50:41.126+05:30  INFO 4160 --- [quickeats] [           main] org.hibernate.Version                    : HHH000412: Hibernate ORM core version 6.4.4.Final
2026-02-14T20:50:41.176+05:30  INFO 4160 --- [quickeats] [           main] o.h.c.internal.RegionFactoryInitiator    : HHH000026: Second-level cache disabled
2026-02-14T20:50:41.536+05:30  INFO 4160 --- [quickeats] [           main] o.s.o.j.p.SpringPersistenceUnitInfo      : No LoadTimeWeaver setup: ignoring JPA class transformer
2026-02-14T20:50:41.598+05:30  WARN 4160 --- [quickeats] [           main] org.hibernate.orm.deprecation            : HHH90000025: H2Dialect does not need to be specified explicitly using 'hibernate.dialect' (remove the property setting and it will be selected by default)
2026-02-14T20:50:42.762+05:30  INFO 4160 --- [quickeats] [           main] o.h.e.t.j.p.i.JtaPlatformInitiator       : HHH000489: No JTA platform available (set 'hibernate.transaction.jta.platform' to enable JTA platform integration)
Hibernate: create table menus (id bigint generated by default as identity, description varchar(255), item_name varchar(255) not null, price float(53) not null, restaurant_id bigint not null, primary key (id))
Hibernate: create table orders (id bigint generated by default as identity, order_items TEXT, order_time timestamp(6) not null, status varchar(255) not null, total_amount float(53) not null, restaurant_id bigint not null, user_id bigint not null, primary key (id))
Hibernate: create table restaurants (id bigint generated by default as identity, address varchar(255) not null, cuisine_type varchar(255) not null, name varchar(255) not null, primary key (id))
Hibernate: create table users (id bigint generated by default as identity, email varchar(255) not null, name varchar(255) not null, password varchar(255) not null, role varchar(255) not null, primary key (id))
Hibernate: alter table if exists users drop constraint if exists UK_6dotkott2kjsp8vw4d0m25fb7
Hibernate: alter table if exists users add constraint UK_6dotkott2kjsp8vw4d0m25fb7 unique (email)
Hibernate: alter table if exists menus add constraint FK49thmnytvo47ttv4ggtwo9rrj foreign key (restaurant_id) references restaurants
Hibernate: alter table if exists orders add constraint FK2m9qulf12xm537bku3jnrrbup foreign key (restaurant_id) references restaurants
Hibernate: alter table if exists orders add constraint FK32ql8ubntj5uh44ph9659tiih foreign key (user_id) references users
2026-02-14T20:50:42.857+05:30  INFO 4160 --- [quickeats] [           main] j.LocalContainerEntityManagerFactoryBean : Initialized JPA EntityManagerFactory for persistence unit 'default'
2026-02-14T20:50:43.448+05:30  WARN 4160 --- [quickeats] [           main] JpaBaseConfiguration$JpaWebConfiguration : spring.jpa.open-in-view is enabled by default. Therefore, database queries may be performed during view rendering. Explicitly configure spring.jpa.open-in-view to disable this warning
2026-02-14T20:50:43.479+05:30  INFO 4160 --- [quickeats] [           main] o.s.b.a.w.s.WelcomePageHandlerMapping    : Adding welcome page: class path resource [static/index.html]
2026-02-14T20:50:43.986+05:30  INFO 4160 --- [quickeats] [           main] o.s.b.w.embedded.tomcat.TomcatWebServer  : Tomcat started on port 8080 (http) with context path ''
2026-02-14T20:50:44.028+05:30  INFO 4160 --- [quickeats] [           main] com.quickeats.QuickEatsApplication       : Started QuickEatsApplication in 6.438 seconds (process running for 7.222)
Hibernate: select count(*) from restaurants r1_0
Hibernate: insert into restaurants (address,cuisine_type,name,id) values (?,?,?,default)
Hibernate: insert into menus (description,item_name,price,restaurant_id,id) values (?,?,?,?,default)
Hibernate: insert into restaurants (address,cuisine_type,name,id) values (?,?,?,default)
Hibernate: insert into menus (description,item_name,price,restaurant_id,id) values (?,?,?,?,default)
Data seeded!
2026-02-14T20:53:25.075+05:30  INFO 4160 --- [quickeats] [nio-8080-exec-1] o.a.c.c.C.[Tomcat].[localhost].[/]       : Initializing Spring DispatcherServlet 'dispatcherServlet'
2026-02-14T20:53:25.075+05:30  INFO 4160 --- [quickeats] [nio-8080-exec-1] o.s.web.servlet.DispatcherServlet        : Initializing Servlet 'dispatcherServlet'
2026-02-14T20:53:25.077+05:30  INFO 4160 --- [quickeats] [nio-8080-exec-1] o.s.web.servlet.DispatcherServlet        : Completed initialization in 2 ms
Hibernate: select r1_0.id,r1_0.address,r1_0.cuisine_type,r1_0.name from restaurants r1_0
Hibernate: select mi1_0.restaurant_id,mi1_0.id,mi1_0.description,mi1_0.item_name,mi1_0.price from menus mi1_0 where mi1_0.restaurant_id=?
2026-02-14T20:53:25.416+05:30  WARN 4160 --- [quickeats] [nio-8080-exec-1] .w.s.m.s.DefaultHandlerExceptionResolver : Ignoring exception, response committed already: org.springframework.http.converter.HttpMessageNotWritableException: Could not write JSON: Infinite recursion (StackOverflowError)
2026-02-14T20:53:25.417+05:30  WARN 4160 --- [quickeats] [nio-8080-exec-1] .w.s.m.s.DefaultHandlerExceptionResolver : Resolved [org.springframework.http.converter.HttpMessageNotWritableException: Could not write JSON: Infinite recursion (StackOverflowError)]
Hibernate: select r1_0.id,r1_0.address,r1_0.cuisine_type,r1_0.name from restaurants r1_0
Hibernate: select mi1_0.restaurant_id,mi1_0.id,mi1_0.description,mi1_0.item_name,mi1_0.price from menus mi1_0 where mi1_0.restaurant_id=?
2026-02-14T20:55:11.066+05:30  WARN 4160 --- [quickeats] [nio-8080-exec-6] .w.s.m.s.DefaultHandlerExceptionResolver : Ignoring exception, response committed already: org.springframework.http.converter.HttpMessageNotWritableException: Could not write JSON: Infinite recursion (StackOverflowError)
2026-02-14T20:55:11.066+05:30  WARN 4160 --- [quickeats] [nio-8080-exec-6] .w.s.m.s.DefaultHandlerExceptionResolver : Resolved [org.springframework.http.converter.HttpMessageNotWritableException: Could not write JSON: Infinite recursion (StackOverflowError)]
Hibernate: select r1_0.id,r1_0.address,r1_0.cuisine_type,r1_0.name from restaurants r1_0 where r1_0.id=?
Hibernate: select mi1_0.restaurant_id,mi1_0.id,mi1_0.description,mi1_0.item_name,mi1_0.price from menus mi1_0 where mi1_0.restaurant_id=?
2026-02-14T20:55:14.582+05:30  WARN 4160 --- [quickeats] [io-8080-exec-10] .w.s.m.s.DefaultHandlerExceptionResolver : Ignoring exception, response committed already: org.springframework.http.converter.HttpMessageNotWritableException: Could not write JSON: Infinite recursion (StackOverflowError)
2026-02-14T20:55:14.583+05:30  WARN 4160 --- [quickeats] [io-8080-exec-10] .w.s.m.s.DefaultHandlerExceptionResolver : Resolved [org.springframework.http.converter.HttpMessageNotWritableException: Could not write JSON: Infinite recursion (StackOverflowError)]
Hibernate: select r1_0.id,r1_0.address,r1_0.cuisine_type,r1_0.name from restaurants r1_0
Hibernate: select mi1_0.restaurant_id,mi1_0.id,mi1_0.description,mi1_0.item_name,mi1_0.price from menus mi1_0 where mi1_0.restaurant_id=?
2026-02-14T20:55:24.719+05:30  WARN 4160 --- [quickeats] [nio-8080-exec-3] .w.s.m.s.DefaultHandlerExceptionResolver : Ignoring exception, response committed already: org.springframework.http.converter.HttpMessageNotWritableException: Could not write JSON: Infinite recursion (StackOverflowError)
2026-02-14T20:55:24.719+05:30  WARN 4160 --- [quickeats] [nio-8080-exec-3] .w.s.m.s.DefaultHandlerExceptionResolver : Resolved [org.springframework.http.converter.HttpMessageNotWritableException: Could not write JSON: Infinite recursion (StackOverflowError)]
Hibernate: select r1_0.id,r1_0.address,r1_0.cuisine_type,r1_0.name from restaurants r1_0
Hibernate: select mi1_0.restaurant_id,mi1_0.id,mi1_0.description,mi1_0.item_name,mi1_0.price from menus mi1_0 where mi1_0.restaurant_id=?
2026-02-14T21:04:23.485+05:30  WARN 4160 --- [quickeats] [nio-8080-exec-2] .w.s.m.s.DefaultHandlerExceptionResolver : Ignoring exception, response committed already: org.springframework.http.converter.HttpMessageNotWritableException: Could not write JSON: Infinite recursion (StackOverflowError)
2026-02-14T21:04:23.486+05:30  WARN 4160 --- [quickeats] [nio-8080-exec-2] .w.s.m.s.DefaultHandlerExceptionResolver : Resolved [org.springframework.http.converter.HttpMessageNotWritableException: Could not write JSON: Infinite recursion (StackOverflowError)]
Hibernate: select r1_0.id,r1_0.address,r1_0.cuisine_type,r1_0.name from restaurants r1_0
Hibernate: select mi1_0.restaurant_id,mi1_0.id,mi1_0.description,mi1_0.item_name,mi1_0.price from menus mi1_0 where mi1_0.restaurant_id=?
Hibernate: select r1_0.id,r1_0.address,r1_0.cuisine_type,r1_0.name from restaurants r1_0
Hibernate: select mi1_0.restaurant_id,mi1_0.id,mi1_0.description,mi1_0.item_name,mi1_0.price from menus mi1_0 where mi1_0.restaurant_id=?
2026-02-14T21:06:29.658+05:30  WARN 4160 --- [quickeats] [io-8080-exec-10] .w.s.m.s.DefaultHandlerExceptionResolver : Ignoring exception, response committed already: org.springframework.http.converter.HttpMessageNotWritableException: Could not write JSON: Infinite recursion (StackOverflowError)
2026-02-14T21:06:29.659+05:30  WARN 4160 --- [quickeats] [io-8080-exec-10] .w.s.m.s.DefaultHandlerExceptionResolver : Resolved [org.springframework.http.converter.HttpMessageNotWritableException: Could not write JSON: Infinite recursion (StackOverflowError)]
2026-02-14T21:06:29.673+05:30  WARN 4160 --- [quickeats] [nio-8080-exec-3] .w.s.m.s.DefaultHandlerExceptionResolver : Ignoring exception, response committed already: org.springframework.http.converter.HttpMessageNotWritableException: Could not write JSON: Infinite recursion (StackOverflowError)
2026-02-14T21:06:29.673+05:30  WARN 4160 --- [quickeats] [nio-8080-exec-3] .w.s.m.s.DefaultHandlerExceptionResolver : Resolved [org.springframework.http.converter.HttpMessageNotWritableException: Could not write JSON: Infinite recursion (StackOverflowError)]
Hibernate: select r1_0.id,r1_0.address,r1_0.cuisine_type,r1_0.name from restaurants r1_0 where r1_0.id=?
Hibernate: select mi1_0.restaurant_id,mi1_0.id,mi1_0.description,mi1_0.item_name,mi1_0.price from menus mi1_0 where mi1_0.restaurant_id=?
2026-02-14T21:06:37.392+05:30  WARN 4160 --- [quickeats] [nio-8080-exec-2] .w.s.m.s.DefaultHandlerExceptionResolver : Ignoring exception, response committed already: org.springframework.http.converter.HttpMessageNotWritableException: Could not write JSON: Infinite recursion (StackOverflowError)
2026-02-14T21:06:37.392+05:30  WARN 4160 --- [quickeats] [nio-8080-exec-2] .w.s.m.s.DefaultHandlerExceptionResolver : Resolved [org.springframework.http.converter.HttpMessageNotWritableException: Could not write JSON: Infinite recursion (StackOverflowError)]
Hibernate: select m1_0.id,m1_0.description,m1_0.item_name,m1_0.price,m1_0.restaurant_id from menus m1_0 left join restaurants r1_0 on r1_0.id=m1_0.restaurant_id where r1_0.id=?
Hibernate: select r1_0.id,r1_0.address,r1_0.cuisine_type,r1_0.name from restaurants r1_0 where r1_0.id=?
Hibernate: select mi1_0.restaurant_id,mi1_0.id,mi1_0.description,mi1_0.item_name,mi1_0.price from menus mi1_0 where mi1_0.restaurant_id=?
2026-02-14T21:06:37.474+05:30  WARN 4160 --- [quickeats] [nio-8080-exec-4] .w.s.m.s.DefaultHandlerExceptionResolver : Ignoring exception, response committed already: org.springframework.http.converter.HttpMessageNotWritableException: Could not write JSON: Infinite recursion (StackOverflowError)
2026-02-14T21:06:37.475+05:30  WARN 4160 --- [quickeats] [nio-8080-exec-4] .w.s.m.s.DefaultHandlerExceptionResolver : Resolved [org.springframework.http.converter.HttpMessageNotWritableException: Could not write JSON: Infinite recursion (StackOverflowError)]
Hibernate: select r1_0.id,r1_0.address,r1_0.cuisine_type,r1_0.name from restaurants r1_0
Hibernate: select mi1_0.restaurant_id,mi1_0.id,mi1_0.description,mi1_0.item_name,mi1_0.price from menus mi1_0 where mi1_0.restaurant_id=?
2026-02-14T21:19:10.000+05:30  WARN 4160 --- [quickeats] [nio-8080-exec-1] .w.s.m.s.DefaultHandlerExceptionResolver : Ignoring exception, response committed already: org.springframework.http.converter.HttpMessageNotWritableException: Could not write JSON: Infinite recursion (StackOverflowError)
2026-02-14T21:19:10.001+05:30  WARN 4160 --- [quickeats] [nio-8080-exec-1] .w.s.m.s.DefaultHandlerExceptionResolver : Resolved [org.springframework.http.converter.HttpMessageNotWritableException: Could not write JSON: Infinite recursion (StackOverflowError)]
Hibernate: select r1_0.id,r1_0.address,r1_0.cuisine_type,r1_0.name from restaurants r1_0
Hibernate: select mi1_0.restaurant_id,mi1_0.id,mi1_0.description,mi1_0.item_name,mi1_0.price from menus mi1_0 where mi1_0.restaurant_id=?
2026-02-14T21:19:10.073+05:30  WARN 4160 --- [quickeats] [nio-8080-exec-2] .w.s.m.s.DefaultHandlerExceptionResolver : Ignoring exception, response committed already: org.springframework.http.converter.HttpMessageNotWritableException: Could not write JSON: Infinite recursion (StackOverflowError)
2026-02-14T21:19:10.073+05:30  WARN 4160 --- [quickeats] [nio-8080-exec-2] .w.s.m.s.DefaultHandlerExceptionResolver : Resolved [org.springframework.http.converter.HttpMessageNotWritableException: Could not write JSON: Infinite recursion (StackOverflowError)]
Hibernate: select r1_0.id,r1_0.address,r1_0.cuisine_type,r1_0.name from restaurants r1_0
Hibernate: select mi1_0.restaurant_id,mi1_0.id,mi1_0.description,mi1_0.item_name,mi1_0.price from menus mi1_0 where mi1_0.restaurant_id=?
2026-02-14T21:19:20.644+05:30  WARN 4160 --- [quickeats] [nio-8080-exec-6] .w.s.m.s.DefaultHandlerExceptionResolver : Ignoring exception, response committed already: org.springframework.http.converter.HttpMessageNotWritableException: Could not write JSON: Infinite recursion (StackOverflowError)
2026-02-14T21:19:20.645+05:30  WARN 4160 --- [quickeats] [nio-8080-exec-6] .w.s.m.s.DefaultHandlerExceptionResolver : Resolved [org.springframework.http.converter.HttpMessageNotWritableException: Could not write JSON: Infinite recursion (StackOverflowError)]
Hibernate: select r1_0.id,r1_0.address,r1_0.cuisine_type,r1_0.name from restaurants r1_0
Hibernate: select mi1_0.restaurant_id,mi1_0.id,mi1_0.description,mi1_0.item_name,mi1_0.price from menus mi1_0 where mi1_0.restaurant_id=?
2026-02-14T21:19:25.134+05:30  WARN 4160 --- [quickeats] [nio-8080-exec-3] .w.s.m.s.DefaultHandlerExceptionResolver : Ignoring exception, response committed already: org.springframework.http.converter.HttpMessageNotWritableException: Could not write JSON: Infinite recursion (StackOverflowError)
2026-02-14T21:19:25.136+05:30  WARN 4160 --- [quickeats] [nio-8080-exec-3] .w.s.m.s.DefaultHandlerExceptionResolver : Resolved [org.springframework.http.converter.HttpMessageNotWritableException: Could not write JSON: Infinite recursion (StackOverflowError)]
Hibernate: select r1_0.id,r1_0.address,r1_0.cuisine_type,r1_0.name from restaurants r1_0
Hibernate: select mi1_0.restaurant_id,mi1_0.id,mi1_0.description,mi1_0.item_name,mi1_0.price from menus mi1_0 where mi1_0.restaurant_id=?
2026-02-14T21:19:26.765+05:30  WARN 4160 --- [quickeats] [nio-8080-exec-1] .w.s.m.s.DefaultHandlerExceptionResolver : Ignoring exception, response committed already: org.springframework.http.converter.HttpMessageNotWritableException: Could not write JSON: Infinite recursion (StackOverflowError)
2026-02-14T21:19:26.766+05:30  WARN 4160 --- [quickeats] [nio-8080-exec-1] .w.s.m.s.DefaultHandlerExceptionResolver : Resolved [org.springframework.http.converter.HttpMessageNotWritableException: Could not write JSON: Infinite recursion (StackOverflowError)]
